<?xml version="1.0" encoding="UTF-8"?>
<testsuites>
    <testsuite name="get-result-from-the-serchfield;reserch-at-the-help-center" tests="5" failures="0" skipped="0">
        <properties>
            <property name="URI" value="C:\Users\ikhla\Desktop\granssnittstestning\features\keyWord.feature">
            </property>
        </properties>
        <testcase name="Given I am at the search page" classname="get-result-from-the-serchfield;reserch-at-the-help-center" time="9.528167399">
        </testcase>
        <testcase name="When I click on menu" classname="get-result-from-the-serchfield;reserch-at-the-help-center" time="1.8791809">
        </testcase>
        <testcase name="And I click at Help Center" classname="get-result-from-the-serchfield;reserch-at-the-help-center" time="3.03899">
        </testcase>
        <testcase name="And I entered &quot;How can I delete personal information IMDB stores about me?&quot; in the searchfield" classname="get-result-from-the-serchfield;reserch-at-the-help-center" time="2.266430001">
        </testcase>
        <testcase name="And I click at the search button to get the result" classname="get-result-from-the-serchfield;reserch-at-the-help-center" time="2.3466105">
        </testcase>
    </testsuite>
    <testsuite name="get-result-from-the-serchfield;reserch-at-the-jobs" tests="7" failures="1" skipped="4">
        <properties>
            <property name="URI" value="C:\Users\ikhla\Desktop\granssnittstestning\features\keyWord.feature">
            </property>
        </properties>
        <testcase name="Given I am at the search page" classname="get-result-from-the-serchfield;reserch-at-the-jobs" time="9.9278703">
        </testcase>
        <testcase name="When I click on Jobs" classname="get-result-from-the-serchfield;reserch-at-the-jobs" time="2.1648998">
        </testcase>
        <testcase name="And I entered the text &quot;Software Test Engineer&quot;" classname="get-result-from-the-serchfield;reserch-at-the-jobs" time="5.0165487">
            <failure message="TimeoutError: Waiting for element to be located By(css selector, input[placeholder=&quot;Search for jobs by title or keyword&quot;])">TimeoutError: Waiting for element to be located By(css selector, input[placeholder=&quot;Search for jobs by title or keyword&quot;])
Wait timed out after 5008ms
    at C:\Users\ikhla\Desktop\granssnittstestning\node_modules\selenium-webdriver\lib\promise.js:2209:17
    at ManagedPromise.invokeCallback_ (C:\Users\ikhla\Desktop\granssnittstestning\node_modules\selenium-webdriver\lib\promise.js:1384:14)
    at TaskQueue.execute_ (C:\Users\ikhla\Desktop\granssnittstestning\node_modules\selenium-webdriver\lib\promise.js:3092:14)
    at TaskQueue.executeNext_ (C:\Users\ikhla\Desktop\granssnittstestning\node_modules\selenium-webdriver\lib\promise.js:3075:27)
    at C:\Users\ikhla\Desktop\granssnittstestning\node_modules\selenium-webdriver\lib\promise.js:2935:27
    at C:\Users\ikhla\Desktop\granssnittstestning\node_modules\selenium-webdriver\lib\promise.js:676:7
    at runMicrotasks (&lt;anonymous&gt;)
    at processTicksAndRejections (internal/process/task_queues.js:97:5)
From: Task: Waiting for element to be located By(css selector, input[placeholder=&quot;Search for jobs by title or keyword&quot;])
    at scheduleWait (C:\Users\ikhla\Desktop\granssnittstestning\node_modules\selenium-webdriver\lib\promise.js:2196:20)
    at ControlFlow.wait (C:\Users\ikhla\Desktop\granssnittstestning\node_modules\selenium-webdriver\lib\promise.js:2525:12)
    at thenableWebDriverProxy.wait (C:\Users\ikhla\Desktop\granssnittstestning\node_modules\selenium-webdriver\lib\webdriver.js:934:29)
    at createWorld.&lt;anonymous&gt; (C:\Users\ikhla\Desktop\granssnittstestning\step-definitions\keyWord.js:45:34)
    at processTicksAndRejections (internal/process/task_queues.js:79:11)</failure>
        </testcase>
        <testcase name="And I entered at the another serchfiled &quot;Stockholm, Stockholm County, Sweden&quot;" classname="get-result-from-the-serchfield;reserch-at-the-jobs">
            <skipped message="">
            </skipped>
        </testcase>
        <testcase name="And I click at the search button to get the result" classname="get-result-from-the-serchfield;reserch-at-the-jobs">
            <skipped message="">
            </skipped>
        </testcase>
        <testcase name="Then I expect get a list of &quot;Software test engineer&quot;" classname="get-result-from-the-serchfield;reserch-at-the-jobs">
            <skipped message="">
            </skipped>
        </testcase>
        <testcase name="And sorted by Most recent" classname="get-result-from-the-serchfield;reserch-at-the-jobs">
            <skipped message="">
            </skipped>
        </testcase>
    </testsuite>
</testsuites>